evolving val-dwa-law-fem · operator=opencode2 · 1 iter
    1.4s  cold-start · scoring prog_91c on 1 cell(s) …
  417.9s  iter 1/1 · mutating cell val-dwa-law-fem …
 2171.1s  iter 1/1 · operator: 631937 tok (completed); gating…
cold-start · dev                                                
╭─────┬─────────────────┬──────────┬───────────┬────────┬──────╮
│seed │ character       │ progress │ status    │  turns │ depth│
├─────┼─────────────────┼──────────┼───────────┼────────┼──────┤
│   3 │ val-dwa-law-fem │    0.037 │ completed │ 11,035 │     1│
│   2 │ val-dwa-law-fem │    0.051 │ completed │ 12,338 │     7│
│   0 │ val-dwa-law-fem │    0.426 │ completed │ 27,223 │    23│
│   1 │ val-dwa-law-fem │    0.466 │ completed │ 29,329 │    25│
│   4 │ val-dwa-law-fem │    0.051 │ completed │ 20,329 │     1│
│   5 │ val-dwa-law-fem │    0.647 │ completed │ 33,593 │    29│
│   7 │ val-dwa-law-fem │    0.507 │ completed │ 21,882 │    26│
│   8 │ val-dwa-law-fem │    0.602 │ completed │ 35,877 │    28│
│   9 │ val-dwa-law-fem │    0.554 │ completed │ 30,616 │    27│
│  10 │ val-dwa-law-fem │    0.507 │ completed │ 36,524 │    26│
│  11 │ val-dwa-law-fem │    0.466 │ completed │ 21,375 │    25│
│   6 │ val-dwa-law-fem │    0.466 │ completed │ 40,960 │    25│
│  12 │ val-dwa-law-fem │    0.393 │ completed │ 22,939 │    21│
│  14 │ val-dwa-law-fem │    0.554 │ completed │ 32,724 │    27│
│  13 │ val-dwa-law-fem │    0.426 │ completed │ 34,203 │    23│
├─────┼─────────────────┼──────────┼───────────┼────────┼──────┤
│     │ mean            │    0.410 │           │ 27,396 │      │
╰─────┴─────────────────┴──────────┴───────────┴────────┴──────╯
                                                      ✓ complete
 2180.2s  iter 1/1 · gate ok; dev eval (15ep)…
iter 1/1 · smoke                                               
╭─────┬─────────────────┬──────────┬───────────┬───────┬──────╮
│seed │ character       │ progress │ status    │ turns │ depth│
├─────┼─────────────────┼──────────┼───────────┼───────┼──────┤
│9000 │ val-dwa-law-fem │    0.021 │ completed │ 1,888 │     1│
├─────┼─────────────────┼──────────┼───────────┼───────┼──────┤
│     │ mean            │    0.021 │           │ 1,888 │      │
╰─────┴─────────────────┴──────────┴───────────┴───────┴──────╯
                                                     ✓ complete
 2577.7s  iter 1/1 · ✗ improved no cell: dev=0.410
iter 1/1 · dev                                                  
╭─────┬─────────────────┬──────────┬───────────┬────────┬──────╮
│seed │ character       │ progress │ status    │  turns │ depth│
├─────┼─────────────────┼──────────┼───────────┼────────┼──────┤
│   3 │ val-dwa-law-fem │    0.037 │ completed │ 11,035 │     1│
│   2 │ val-dwa-law-fem │    0.051 │ completed │ 12,338 │     7│
│   0 │ val-dwa-law-fem │    0.426 │ completed │ 27,223 │    23│
│   1 │ val-dwa-law-fem │    0.466 │ completed │ 29,329 │    25│
│   4 │ val-dwa-law-fem │    0.051 │ completed │ 20,329 │     1│
│   5 │ val-dwa-law-fem │    0.647 │ completed │ 33,593 │    29│
│   7 │ val-dwa-law-fem │    0.507 │ completed │ 21,882 │    26│
│   8 │ val-dwa-law-fem │    0.602 │ completed │ 35,877 │    28│
│   9 │ val-dwa-law-fem │    0.554 │ completed │ 26,433 │    27│
│  10 │ val-dwa-law-fem │    0.507 │ completed │ 36,524 │    26│
│  12 │ val-dwa-law-fem │    0.393 │ completed │ 22,939 │    21│
│  11 │ val-dwa-law-fem │    0.466 │ completed │ 21,375 │    25│
│   6 │ val-dwa-law-fem │    0.466 │ completed │ 40,960 │    25│
│  14 │ val-dwa-law-fem │    0.554 │ completed │ 28,466 │    27│
│  13 │ val-dwa-law-fem │    0.426 │ completed │ 34,203 │    23│
├─────┼─────────────────┼──────────┼───────────┼────────┼──────┤
│     │ mean            │    0.410 │           │ 26,834 │      │
╰─────┴─────────────────┴──────────┴───────────┴────────┴──────╯
                                                      ✓ complete
done · 0/1 iteration(s) registered a new elite
EXIT 0
