evolving val-dwa-law-fem · operator=opencode2 · 1 iter
    2.3s  cold-start · scoring prog_d90 on 1 cell(s) …
  216.9s  iter 1/1 · mutating cell val-dwa-law-fem …
  440.3s  iter 1/1 · operator: 250772 tok (completed); gating…
cold-start · dev                                                
╭─────┬─────────────────┬──────────┬───────────┬────────┬──────╮
│seed │ character       │ progress │ status    │  turns │ depth│
├─────┼─────────────────┼──────────┼───────────┼────────┼──────┤
│   1 │ val-dwa-law-fem │    0.161 │ completed │  8,907 │    11│
│   0 │ val-dwa-law-fem │    0.466 │ completed │ 11,410 │    25│
│   3 │ val-dwa-law-fem │    0.507 │ completed │ 13,816 │    26│
│   2 │ val-dwa-law-fem │    0.445 │ completed │ 16,444 │    24│
│   4 │ val-dwa-law-fem │    0.554 │ completed │ 10,249 │    27│
│   6 │ val-dwa-law-fem │    0.466 │ completed │ 11,147 │    25│
│   5 │ val-dwa-law-fem │    0.554 │ completed │ 15,654 │    27│
│   8 │ val-dwa-law-fem │    0.554 │ completed │ 10,059 │    27│
│   7 │ val-dwa-law-fem │    0.466 │ completed │ 17,580 │    25│
│   9 │ val-dwa-law-fem │    0.554 │ completed │ 15,683 │    27│
│  11 │ val-dwa-law-fem │    0.466 │ completed │ 13,510 │    25│
│  10 │ val-dwa-law-fem │    0.602 │ completed │ 21,417 │    28│
│  12 │ val-dwa-law-fem │    0.554 │ completed │ 12,109 │    27│
│  13 │ val-dwa-law-fem │    0.445 │ completed │ 10,243 │    24│
│  14 │ val-dwa-law-fem │    0.554 │ completed │ 12,630 │    27│
├─────┼─────────────────┼──────────┼───────────┼────────┼──────┤
│     │ mean            │    0.490 │           │ 13,391 │      │
╰─────┴─────────────────┴──────────┴───────────┴────────┴──────╯
                                                      ✓ complete
  449.8s  iter 1/1 · gate ok; dev eval (15ep)…
iter 1/1 · smoke                                               
╭─────┬─────────────────┬──────────┬───────────┬───────┬──────╮
│seed │ character       │ progress │ status    │ turns │ depth│
├─────┼─────────────────┼──────────┼───────────┼───────┼──────┤
│9000 │ val-dwa-law-fem │    0.021 │ completed │ 1,830 │     1│
├─────┼─────────────────┼──────────┼───────────┼───────┼──────┤
│     │ mean            │    0.021 │           │ 1,830 │      │
╰─────┴─────────────────┴──────────┴───────────┴───────┴──────╯
                                                     ✓ complete
  664.3s  iter 1/1 · ✓ improved 1 cell(s) dev=0.505 (kept local)
iter 1/1 · dev                                                  
╭─────┬─────────────────┬──────────┬───────────┬────────┬──────╮
│seed │ character       │ progress │ status    │  turns │ depth│
├─────┼─────────────────┼──────────┼───────────┼────────┼──────┤
│   1 │ val-dwa-law-fem │    0.161 │ completed │  8,907 │    11│
│   0 │ val-dwa-law-fem │    0.466 │ completed │ 11,410 │    25│
│   3 │ val-dwa-law-fem │    0.554 │ completed │ 13,884 │    27│
│   2 │ val-dwa-law-fem │    0.445 │ completed │ 16,444 │    24│
│   4 │ val-dwa-law-fem │    0.554 │ completed │ 10,249 │    27│
│   5 │ val-dwa-law-fem │    0.602 │ completed │ 15,652 │    28│
│   6 │ val-dwa-law-fem │    0.554 │ completed │ 11,414 │    27│
│   8 │ val-dwa-law-fem │    0.602 │ completed │ 10,257 │    28│
│   7 │ val-dwa-law-fem │    0.466 │ completed │ 17,580 │    25│
│   9 │ val-dwa-law-fem │    0.554 │ completed │ 15,683 │    27│
│  11 │ val-dwa-law-fem │    0.466 │ completed │ 13,510 │    25│
│  10 │ val-dwa-law-fem │    0.602 │ completed │ 21,417 │    28│
│  12 │ val-dwa-law-fem │    0.554 │ completed │ 12,109 │    27│
│  13 │ val-dwa-law-fem │    0.445 │ completed │ 10,243 │    24│
│  14 │ val-dwa-law-fem │    0.554 │ completed │ 12,630 │    27│
├─────┼─────────────────┼──────────┼───────────┼────────┼──────┤
│     │ mean            │    0.505 │           │ 13,426 │      │
╰─────┴─────────────────┴──────────┴───────────┴────────┴──────╯
                                                      ✓ complete
done · 1/1 iteration(s) registered a new elite
EXIT 0
