evolving val-dwa-law-fem · operator=opencode2 · 1 iter
    0.0s  cold-start · scoring seed on 1 cell(s) …
  578.7s  iter 1/1 · mutating cell val-dwa-law-fem …
  578.8s  iter 1/1 · ✗ operator error: opencode2 operator exited with status 
125: Run 'docker run --help' for more information
cold-start · dev                                                
╭─────┬─────────────────┬──────────┬───────────┬────────┬──────╮
│seed │ character       │ progress │ status    │  turns │ depth│
├─────┼─────────────────┼──────────┼───────────┼────────┼──────┤
│   3 │ val-dwa-law-fem │    0.051 │ completed │ 17,593 │     1│
│   1 │ val-dwa-law-fem │    0.117 │ completed │ 35,249 │     4│
│   2 │ val-dwa-law-fem │    0.051 │ completed │ 16,295 │     1│
│   5 │ val-dwa-law-fem │    0.117 │ completed │ 28,998 │     5│
│   6 │ val-dwa-law-fem │    0.051 │ completed │ 20,978 │     1│
│   8 │ val-dwa-law-fem │    0.029 │ completed │  9,079 │     1│
│   0 │ val-dwa-law-fem │    0.117 │ completed │ 39,767 │     4│
│   4 │ val-dwa-law-fem │    0.161 │ completed │ 33,478 │    11│
│   9 │ val-dwa-law-fem │    0.037 │ completed │ 15,572 │     1│
│   7 │ val-dwa-law-fem │    0.179 │ completed │ 35,134 │     9│
│  11 │ val-dwa-law-fem │    0.029 │ completed │  8,419 │     1│
│  12 │ val-dwa-law-fem │    0.117 │ completed │ 28,923 │     3│
│  13 │ val-dwa-law-fem │    0.117 │ completed │ 27,487 │     5│
│  10 │ val-dwa-law-fem │    0.255 │ completed │ 53,644 │     7│
│  14 │ val-dwa-law-fem │    0.255 │ completed │ 40,533 │    11│
├─────┼─────────────────┼──────────┼───────────┼────────┼──────┤
│     │ mean            │    0.112 │           │ 27,410 │      │
╰─────┴─────────────────┴──────────┴───────────┴────────┴──────╯
                                                      ✓ complete
done · 0/1 iteration(s) registered a new elite
EXIT 0
