tracing wiz-hum-cha-mal on seeds 0..14
arena · running 15 episode(s)…
arena · episode 1/15 (wiz-hum-cha-mal): progress=0.037 completed turns=13697 depth=1
arena · episode 2/15 (wiz-hum-cha-mal): progress=0.037 completed turns=17693 depth=1
arena · episode 3/15 (wiz-hum-cha-mal): progress=0.075 completed turns=20700 depth=5
arena · episode 4/15 (wiz-hum-cha-mal): progress=0.021 completed turns=3052 depth=1
arena · episode 5/15 (wiz-hum-cha-mal): progress=0.179 completed turns=32346 depth=7
arena · episode 6/15 (wiz-hum-cha-mal): progress=0.051 completed turns=14486 depth=1
arena · episode 7/15 (wiz-hum-cha-mal): progress=0.037 completed turns=11919 depth=1
arena · episode 8/15 (wiz-hum-cha-mal): progress=0.075 completed turns=23971 depth=2
arena · episode 9/15 (wiz-hum-cha-mal): progress=0.075 completed turns=23604 depth=5
arena · episode 10/15 (wiz-hum-cha-mal): progress=0.075 completed turns=24295 depth=4
arena · episode 11/15 (wiz-hum-cha-mal): progress=0.024 completed turns=4014 depth=1
arena · episode 12/15 (wiz-hum-cha-mal): progress=0.117 completed turns=27094 depth=5
arena · episode 13/15 (wiz-hum-cha-mal): progress=0.037 completed turns=12509 depth=1
arena · episode 14/15 (wiz-hum-cha-mal): progress=0.024 completed turns=5206 depth=1
arena · episode 15/15 (wiz-hum-cha-mal): progress=0.075 completed turns=22485 depth=1
MEAN 0.0624
   3   3052t dl 1 0.0208  killed by a grid bug
  10   4014t dl 1 0.0242  killed by a hobbit
  13   5206t dl 1 0.0242  died of starvation
   6  11919t dl 1 0.0369  killed by a kitten
  12  12509t dl 1 0.0369  killed by a newt
   0  13697t dl 1 0.0369  killed by a goblin
   5  14486t dl 1 0.0508  killed by a bat
   1  17693t dl 1 0.0369  killed by a jackal
   2  20700t dl 5 0.0745  killed by a white unicorn
  14  22485t dl 1 0.0745  killed by a crossbow bolt
   8  23604t dl 5 0.0745  killed by a soldier ant
   7  23971t dl 2 0.0745  killed by a rothe
   9  24295t dl 4 0.0745  killed by an ape
  11  27094t dl 5 0.1170  killed by a wolf
   4  32346t dl 7 0.1791  killed by a wolf
